// Jest Snapshot v1, https://goo.gl/fbAQLP

exports[`traversal Basic traversal test 1`] = `
[
  {
    "absolutePath": "C:\\Source\\ts-insp\\src\\traversal.ts",
    "import": "C:\\Source\\ts-insp\\src\\traversal.ts",
    "imports": [
      {
        "import": "typescript",
        "imports": [],
        "level": 2,
        "resolved": false,
      },
      {
        "import": "path",
        "imports": [],
        "level": 2,
        "resolved": false,
      },
      {
        "import": "fs",
        "imports": [],
        "level": 2,
        "resolved": false,
      },
      {
        "import": "./types",
        "imports": [],
        "level": 2,
        "resolved": false,
      },
      {
        "absolutePath": "C:\\Source\\ts-insp\\src\\output\\log.ts",
        "import": "C:\\Source\\ts-insp\\src\\output\\log.ts",
        "imports": [],
        "level": 2,
        "resolved": true,
      },
    ],
    "level": 1,
    "resolved": true,
  },
  {
    "absolutePath": "C:\\Source\\ts-insp\\src\\tsConfig.ts",
    "import": "C:\\Source\\ts-insp\\src\\tsConfig.ts",
    "imports": [
      {
        "import": "typescript",
        "imports": [],
        "level": 2,
        "resolved": false,
      },
      {
        "import": "fs",
        "imports": [],
        "level": 2,
        "resolved": false,
      },
      {
        "import": "path",
        "imports": [],
        "level": 2,
        "resolved": false,
      },
    ],
    "level": 1,
    "resolved": true,
  },
]
`;

exports[`traversal Traversal test with compiler options 1`] = `
[
  {
    "absolutePath": "src/traversal.ts",
    "import": "src/traversal.ts",
    "imports": [
      {
        "absolutePath": "C:/Source/ts-insp/node_modules/typescript/lib/typescript.d.ts",
        "import": "C:/Source/ts-insp/node_modules/typescript/lib/typescript.d.ts",
        "imports": [],
        "level": 2,
        "resolved": true,
      },
      {
        "import": "path",
        "imports": [],
        "level": 2,
        "resolved": false,
      },
      {
        "import": "fs",
        "imports": [],
        "level": 2,
        "resolved": false,
      },
      {
        "absolutePath": "src/types.d.ts",
        "import": "src/types.d.ts",
        "imports": [
          {
            "absolutePath": "C:/Source/ts-insp/node_modules/typescript/lib/typescript.d.ts",
            "import": "C:/Source/ts-insp/node_modules/typescript/lib/typescript.d.ts",
            "imports": [],
            "level": 3,
            "resolved": true,
          },
          {
            "absolutePath": "src/plugins.ts",
            "import": "src/plugins.ts",
            "imports": [
              {
                "absolutePath": "src/plugins/debugPlugin.ts",
                "import": "src/plugins/debugPlugin.ts",
                "imports": [
                  {
                    "absolutePath": "C:/Source/ts-insp/node_modules/typescript/lib/typescript.d.ts",
                    "import": "C:/Source/ts-insp/node_modules/typescript/lib/typescript.d.ts",
                    "imports": [],
                    "level": 5,
                    "resolved": true,
                  },
                  {
                    "absolutePath": "src/types.d.ts",
                    "import": "src/types.d.ts",
                    "imports": [
                      {
                        "absolutePath": "C:/Source/ts-insp/node_modules/typescript/lib/typescript.d.ts",
                        "import": "C:/Source/ts-insp/node_modules/typescript/lib/typescript.d.ts",
                        "imports": [],
                        "level": 6,
                        "resolved": true,
                      },
                      {
                        "absolutePath": "src/plugins.ts",
                        "import": "src/plugins.ts",
                        "imports": [
                          {
                            "absolutePath": "src/plugins/debugPlugin.ts",
                            "import": "src/plugins/debugPlugin.ts",
                            "imports": [
                              {
                                "absolutePath": "C:/Source/ts-insp/node_modules/typescript/lib/typescript.d.ts",
                                "import": "C:/Source/ts-insp/node_modules/typescript/lib/typescript.d.ts",
                                "imports": [],
                                "level": 8,
                                "resolved": true,
                              },
                              {
                                "absolutePath": "src/types.d.ts",
                                "import": "src/types.d.ts",
                                "imports": [
                                  {
                                    "absolutePath": "C:/Source/ts-insp/node_modules/typescript/lib/typescript.d.ts",
                                    "import": "C:/Source/ts-insp/node_modules/typescript/lib/typescript.d.ts",
                                    "imports": [],
                                    "level": 9,
                                    "resolved": true,
                                  },
                                  {
                                    "absolutePath": "src/plugins.ts",
                                    "import": "src/plugins.ts",
                                    "imports": [
                                      {
                                        "absolutePath": "src/plugins/debugPlugin.ts",
                                        "import": "src/plugins/debugPlugin.ts",
                                        "imports": [],
                                        "level": 10,
                                        "resolved": true,
                                      },
                                    ],
                                    "level": 9,
                                    "resolved": true,
                                  },
                                ],
                                "level": 8,
                                "resolved": true,
                              },
                            ],
                            "level": 7,
                            "resolved": true,
                          },
                        ],
                        "level": 6,
                        "resolved": true,
                      },
                    ],
                    "level": 5,
                    "resolved": true,
                  },
                ],
                "level": 4,
                "resolved": true,
              },
            ],
            "level": 3,
            "resolved": true,
          },
        ],
        "level": 2,
        "resolved": true,
      },
      {
        "absolutePath": "src/output/log.ts",
        "import": "src/output/log.ts",
        "imports": [],
        "level": 2,
        "resolved": true,
      },
    ],
    "level": 1,
    "resolved": true,
  },
  {
    "absolutePath": "src/tsConfig.ts",
    "import": "src/tsConfig.ts",
    "imports": [
      {
        "absolutePath": "C:/Source/ts-insp/node_modules/typescript/lib/typescript.d.ts",
        "import": "C:/Source/ts-insp/node_modules/typescript/lib/typescript.d.ts",
        "imports": [],
        "level": 2,
        "resolved": true,
      },
      {
        "import": "fs",
        "imports": [],
        "level": 2,
        "resolved": false,
      },
      {
        "import": "path",
        "imports": [],
        "level": 2,
        "resolved": false,
      },
    ],
    "level": 1,
    "resolved": true,
  },
]
`;
